Phase 1 complete
Phase 2 complete
